{
  Size: 1460,
  InstanceName: 'InfoTest',
  Exists: true,
  IsRunning: true,
  SharedInstanceName: ''
}