There is already an instance registered.
When using that static registration API, only one registration is allowed.
To register different configurations use the instance based api via SqlInstance