{
  Files: [
    {
      Name: 'Tests_Simple',
      Filename: 'LocalDb\Name\Tests_Simple.mdf'
    },
    {
      Name: 'Tests_Simple_log',
      Filename: 'LocalDb\Name\Tests_Simple_log.ldf'
    }
  ]
}